// Jest Snapshot v1, https://goo.gl/fbAQLP

exports[`the component matches the snapshot 1`] = `
<div
  style={
    Object {
      "margin": "10px",
    }
  }
>
  <div>
    lionelhu
  </div>
  <img
    alt="image_unloaded"
    src="https://picsum.photos/200/302"
  />
  <div>
    Haha
  </div>
</div>
`;
