// Jest Snapshot v1, https://goo.gl/fbAQLP

exports[`the component matches the snapshot 1`] = `
<div
  style={
    Object {
      "display": "flex",
      "justifyContent": "space-evenly",
    }
  }
>
  <div
    style={
      Object {
        "background": "#8769b6",
        "display": "flex",
        "justifyContent": "center",
        "position": "fixed",
        "width": "100%",
      }
    }
  >
    <h1>
      Profile
    </h1>
    <div>
      <button
        onClick={[Function]}
        title="Create New Post"
        type="button"
      >
        Main
      </button>
    </div>
  </div>
  <div
    style={
      Object {
        "background": "#b6f486",
        "display": "flex",
        "justifyContent": "center",
        "marginTop": "100px",
        "width": "100%",
      }
    }
  >
    <div
      style={
        Object {
          "display": "flex",
          "flexDirection": "row",
          "justifyContent": "space-between",
          "width": "100%",
        }
      }
    >
      <div
        style={
          Object {
            "display": "flex",
            "flexDirection": "row",
            "justifyContent": "space-between",
          }
        }
      >
        <label
          htmlFor="followers"
        >
          Followers
        </label>
        <select
          id="followers"
          name="followers"
        />
      </div>
      <div
        style={
          Object {
            "display": "flex",
            "flexDirection": "column",
          }
        }
      >
        <h2>
          zairuiy
        </h2>
        <img
          src="https://picsum.photos/200/304"
        />
        <t>
          My info
        </t>
        <button
          onClick={[Function]}
          title="Follow/Unfollow"
          type="button"
        >
          Follow
        </button>
      </div>
      <div
        style={
          Object {
            "display": "flex",
            "flexDirection": "row",
            "justifyContent": "space-between",
          }
        }
      >
        <label
          htmlFor="following"
        >
          Following
        </label>
        <select
          id="following"
          name="following"
        />
      </div>
    </div>
  </div>
</div>
`;
